main.c:89:6:Set_LED	24	static
main.c:99:6:Set_Brightness	40	static
main.c:119:6:WS2812_Send	32	static
main.c:149:6:HAL_TIM_PWM_PulseFinishedCallback	16	static
main.c:160:5:main	16	static
main.c:261:6:SystemClock_Config	96	static
main.c:309:13:MX_ADC1_Init	48	static
main.c:373:13:MX_I2C1_Init	8	static
main.c:419:13:MX_TIM2_Init	64	static
main.c:478:13:MX_USART1_UART_Init	8	static
main.c:513:13:MX_USART2_UART_Init	8	static
main.c:546:13:MX_DMA_Init	16	static
main.c:564:13:MX_GPIO_Init	48	static
main.c:598:6:HAL_UART_RxCpltCallback	16	static
main.c:665:6:HAL_UART_TxCpltCallback	16	static
main.c:675:6:Error_Handler	4	static,ignoring_inline_asm
